<?xml version="1.0" encoding="utf-8"?>
<TestRun id="aaaa67a4-c7d4-45f0-91ee-05570b01eefb" name="@cc7884f5f6b6 2026-01-11 21:48:54" xmlns="http://microsoft.com/schemas/VisualStudio/TeamTest/2010">
  <Times creation="2026-01-11T21:48:54.4579931+00:00" queuing="2026-01-11T21:48:54.4579932+00:00" start="2026-01-11T21:48:51.0628291+00:00" finish="2026-01-11T21:48:54.4730090+00:00" />
  <TestSettings name="default" id="e073885f-8a17-49c1-bf0a-647e19b82772">
    <Deployment runDeploymentRoot="_cc7884f5f6b6_2026-01-11_21_48_54" />
  </TestSettings>
  <Results>
    <UnitTestResult executionId="8f891422-617f-4892-9715-f8a5f173db6d" testId="21c89fbb-c128-60cd-d5d8-a89b119023ce" testName="Eventity.Tests.E2E.E2ETests.CompleteEventScenario_ShouldWorkEndToEnd" computerName="cc7884f5f6b6" duration="00:00:00.0351132" startTime="2026-01-11T21:48:54.2650046+00:00" endTime="2026-01-11T21:48:54.2650047+00:00" testType="13cdc9d9-ddb5-4fa4-a97d-d965ccfc6d4b" outcome="Failed" testListId="8c84fa94-04c1-424b-9868-57a2d4851a1d" relativeResultsDirectory="8f891422-617f-4892-9715-f8a5f173db6d">
      <Output>
        <ErrorInfo>
          <Message>Expected 201 Created, got 400 BadRequest. Body: {"title":"Event creation failed","status":400,"detail":"Failed to create event"}</Message>
          <StackTrace>   at Eventity.Tests.E2E.E2ETests.AssertCreatedOrDumpAsync(HttpResponseMessage response) in /src/Eventity.Tests.E2E/E2ETest.cs:line 364
   at Eventity.Tests.E2E.E2ETests.CompleteEventScenario_ShouldWorkEndToEnd() in /src/Eventity.Tests.E2E/E2ETest.cs:line 98
--- End of stack trace from previous location ---</StackTrace>
        </ErrorInfo>
      </Output>
    </UnitTestResult>
    <UnitTestResult executionId="8a4d0414-608d-4a68-aa59-e5eed853baaf" testId="6997d790-999d-144e-74ee-1a0c8a4e3a1c" testName="Eventity.Tests.E2E.E2ETests.EventCreation_ShouldSyncCalendarAndReminders" computerName="cc7884f5f6b6" duration="00:00:01.1454708" startTime="2026-01-11T21:48:54.1914792+00:00" endTime="2026-01-11T21:48:54.1915031+00:00" testType="13cdc9d9-ddb5-4fa4-a97d-d965ccfc6d4b" outcome="Failed" testListId="8c84fa94-04c1-424b-9868-57a2d4851a1d" relativeResultsDirectory="8a4d0414-608d-4a68-aa59-e5eed853baaf">
      <Output>
        <ErrorInfo>
          <Message>Expected 201 Created, got 400 BadRequest. Body: {"title":"Event creation failed","status":400,"detail":"Failed to create event"}</Message>
          <StackTrace>   at Eventity.Tests.E2E.E2ETests.AssertCreatedOrDumpAsync(HttpResponseMessage response) in /src/Eventity.Tests.E2E/E2ETest.cs:line 364
   at Eventity.Tests.E2E.E2ETests.EventCreation_ShouldSyncCalendarAndReminders() in /src/Eventity.Tests.E2E/E2ETest.cs:line 289
--- End of stack trace from previous location ---</StackTrace>
        </ErrorInfo>
      </Output>
    </UnitTestResult>
    <UnitTestResult executionId="496451ec-5542-46ee-ad4c-44ec8e2793aa" testId="415ba134-e204-fb07-82d1-c7cab7088be2" testName="Eventity.Tests.E2E.E2ETests.UserRegistrationAndLogin_ShouldWorkCorrectly" computerName="cc7884f5f6b6" duration="00:00:00.0251976" startTime="2026-01-11T21:48:54.3320557+00:00" endTime="2026-01-11T21:48:54.3320558+00:00" testType="13cdc9d9-ddb5-4fa4-a97d-d965ccfc6d4b" outcome="Passed" testListId="8c84fa94-04c1-424b-9868-57a2d4851a1d" relativeResultsDirectory="496451ec-5542-46ee-ad4c-44ec8e2793aa" />
    <UnitTestResult executionId="1cd0f638-a496-49d4-8577-0ca716e2e18d" testId="4c6705ae-9057-fbbc-b752-aa9c75023c80" testName="Eventity.Tests.E2E.E2ETests.EventCreationAndManagement_ShouldHandleMultipleParticipants" computerName="cc7884f5f6b6" duration="00:00:00.0173673" startTime="2026-01-11T21:48:54.2944742+00:00" endTime="2026-01-11T21:48:54.2944742+00:00" testType="13cdc9d9-ddb5-4fa4-a97d-d965ccfc6d4b" outcome="Failed" testListId="8c84fa94-04c1-424b-9868-57a2d4851a1d" relativeResultsDirectory="1cd0f638-a496-49d4-8577-0ca716e2e18d">
      <Output>
        <ErrorInfo>
          <Message>Expected 201 Created, got 400 BadRequest. Body: {"title":"Event creation failed","status":400,"detail":"Failed to create event"}</Message>
          <StackTrace>   at Eventity.Tests.E2E.E2ETests.AssertCreatedOrDumpAsync(HttpResponseMessage response) in /src/Eventity.Tests.E2E/E2ETest.cs:line 364
   at Eventity.Tests.E2E.E2ETests.EventCreationAndManagement_ShouldHandleMultipleParticipants() in /src/Eventity.Tests.E2E/E2ETest.cs:line 186
--- End of stack trace from previous location ---</StackTrace>
        </ErrorInfo>
      </Output>
    </UnitTestResult>
  </Results>
  <TestDefinitions>
    <UnitTest name="Eventity.Tests.E2E.E2ETests.UserRegistrationAndLogin_ShouldWorkCorrectly" storage="/src/eventity.tests.e2e/bin/debug/net6.0/eventity.tests.e2e.dll" id="415ba134-e204-fb07-82d1-c7cab7088be2">
      <Execution id="496451ec-5542-46ee-ad4c-44ec8e2793aa" />
      <TestMethod codeBase="/src/Eventity.Tests.E2E/bin/Debug/net6.0/Eventity.Tests.E2E.dll" adapterTypeName="executor://xunit/VsTestRunner2/netcoreapp" className="Eventity.Tests.E2E.E2ETests" name="UserRegistrationAndLogin_ShouldWorkCorrectly" />
    </UnitTest>
    <UnitTest name="Eventity.Tests.E2E.E2ETests.EventCreation_ShouldSyncCalendarAndReminders" storage="/src/eventity.tests.e2e/bin/debug/net6.0/eventity.tests.e2e.dll" id="6997d790-999d-144e-74ee-1a0c8a4e3a1c">
      <Execution id="8a4d0414-608d-4a68-aa59-e5eed853baaf" />
      <TestMethod codeBase="/src/Eventity.Tests.E2E/bin/Debug/net6.0/Eventity.Tests.E2E.dll" adapterTypeName="executor://xunit/VsTestRunner2/netcoreapp" className="Eventity.Tests.E2E.E2ETests" name="EventCreation_ShouldSyncCalendarAndReminders" />
    </UnitTest>
    <UnitTest name="Eventity.Tests.E2E.E2ETests.EventCreationAndManagement_ShouldHandleMultipleParticipants" storage="/src/eventity.tests.e2e/bin/debug/net6.0/eventity.tests.e2e.dll" id="4c6705ae-9057-fbbc-b752-aa9c75023c80">
      <Execution id="1cd0f638-a496-49d4-8577-0ca716e2e18d" />
      <TestMethod codeBase="/src/Eventity.Tests.E2E/bin/Debug/net6.0/Eventity.Tests.E2E.dll" adapterTypeName="executor://xunit/VsTestRunner2/netcoreapp" className="Eventity.Tests.E2E.E2ETests" name="EventCreationAndManagement_ShouldHandleMultipleParticipants" />
    </UnitTest>
    <UnitTest name="Eventity.Tests.E2E.E2ETests.CompleteEventScenario_ShouldWorkEndToEnd" storage="/src/eventity.tests.e2e/bin/debug/net6.0/eventity.tests.e2e.dll" id="21c89fbb-c128-60cd-d5d8-a89b119023ce">
      <Execution id="8f891422-617f-4892-9715-f8a5f173db6d" />
      <TestMethod codeBase="/src/Eventity.Tests.E2E/bin/Debug/net6.0/Eventity.Tests.E2E.dll" adapterTypeName="executor://xunit/VsTestRunner2/netcoreapp" className="Eventity.Tests.E2E.E2ETests" name="CompleteEventScenario_ShouldWorkEndToEnd" />
    </UnitTest>
  </TestDefinitions>
  <TestEntries>
    <TestEntry testId="21c89fbb-c128-60cd-d5d8-a89b119023ce" executionId="8f891422-617f-4892-9715-f8a5f173db6d" testListId="8c84fa94-04c1-424b-9868-57a2d4851a1d" />
    <TestEntry testId="6997d790-999d-144e-74ee-1a0c8a4e3a1c" executionId="8a4d0414-608d-4a68-aa59-e5eed853baaf" testListId="8c84fa94-04c1-424b-9868-57a2d4851a1d" />
    <TestEntry testId="415ba134-e204-fb07-82d1-c7cab7088be2" executionId="496451ec-5542-46ee-ad4c-44ec8e2793aa" testListId="8c84fa94-04c1-424b-9868-57a2d4851a1d" />
    <TestEntry testId="4c6705ae-9057-fbbc-b752-aa9c75023c80" executionId="1cd0f638-a496-49d4-8577-0ca716e2e18d" testListId="8c84fa94-04c1-424b-9868-57a2d4851a1d" />
  </TestEntries>
  <TestLists>
    <TestList name="Results Not in a List" id="8c84fa94-04c1-424b-9868-57a2d4851a1d" />
    <TestList name="All Loaded Results" id="19431567-8539-422a-85d7-44ee4e166bda" />
  </TestLists>
  <ResultSummary outcome="Failed">
    <Counters total="4" executed="4" passed="1" failed="3" error="0" timeout="0" aborted="0" inconclusive="0" passedButRunAborted="0" notRunnable="0" notExecuted="0" disconnected="0" warning="0" completed="0" inProgress="0" pending="0" />
    <Output>
      <StdOut>[xUnit.net 00:00:00.00] xUnit.net VSTest Adapter v2.5.6+bf9b858c26 (64-bit .NET 6.0.36)
[xUnit.net 00:00:00.62] XunitTestRunner's Void .ctor(Xunit.Abstractions.ITest, Xunit.Sdk.IMessageBus, System.Type, System.Object[], System.Reflection.MethodInfo, System.Object[], System.String, System.Collections.Generic.IReadOnlyList`1[Xunit.Sdk.BeforeAfterTestAttribute], Xunit.Sdk.ExceptionAggregator, System.Threading.CancellationTokenSource) has been patched
[xUnit.net 00:00:00.71] Allure reporter enabled
[xUnit.net 00:00:00.77] Patching is skipped: Xunit is already patched
[xUnit.net 00:00:00.78] Allure reporter enabled
[xUnit.net 00:00:00.91]   Discovering: Eventity.Tests.E2E
[xUnit.net 00:00:01.01]   Discovered:  Eventity.Tests.E2E
[xUnit.net 00:00:01.02]   Starting:    Eventity.Tests.E2E
[xUnit.net 00:00:02.40]       Expected 201 Created, got 400 BadRequest. Body: {"title":"Event creation failed","status":400,"detail":"Failed to create event"}
[xUnit.net 00:00:02.41]       Stack Trace:
[xUnit.net 00:00:02.41]         /src/Eventity.Tests.E2E/E2ETest.cs(364,0): at Eventity.Tests.E2E.E2ETests.AssertCreatedOrDumpAsync(HttpResponseMessage response)
[xUnit.net 00:00:02.41]         /src/Eventity.Tests.E2E/E2ETest.cs(289,0): at Eventity.Tests.E2E.E2ETests.EventCreation_ShouldSyncCalendarAndReminders()
[xUnit.net 00:00:02.41]         --- End of stack trace from previous location ---
[xUnit.net 00:00:02.48]       Expected 201 Created, got 400 BadRequest. Body: {"title":"Event creation failed","status":400,"detail":"Failed to create event"}
[xUnit.net 00:00:02.48]       Stack Trace:
[xUnit.net 00:00:02.48]         /src/Eventity.Tests.E2E/E2ETest.cs(364,0): at Eventity.Tests.E2E.E2ETests.AssertCreatedOrDumpAsync(HttpResponseMessage response)
[xUnit.net 00:00:02.48]         /src/Eventity.Tests.E2E/E2ETest.cs(98,0): at Eventity.Tests.E2E.E2ETests.CompleteEventScenario_ShouldWorkEndToEnd()
[xUnit.net 00:00:02.48]         --- End of stack trace from previous location ---
[xUnit.net 00:00:02.51]       Expected 201 Created, got 400 BadRequest. Body: {"title":"Event creation failed","status":400,"detail":"Failed to create event"}
[xUnit.net 00:00:02.51]       Stack Trace:
[xUnit.net 00:00:02.51]         /src/Eventity.Tests.E2E/E2ETest.cs(364,0): at Eventity.Tests.E2E.E2ETests.AssertCreatedOrDumpAsync(HttpResponseMessage response)
[xUnit.net 00:00:02.51]         /src/Eventity.Tests.E2E/E2ETest.cs(186,0): at Eventity.Tests.E2E.E2ETests.EventCreationAndManagement_ShouldHandleMultipleParticipants()
[xUnit.net 00:00:02.51]         --- End of stack trace from previous location ---
[xUnit.net 00:00:02.57]   Finished:    Eventity.Tests.E2E
</StdOut>
    </Output>
    <RunInfos>
      <RunInfo computerName="cc7884f5f6b6" outcome="Error" timestamp="2026-01-11T21:48:54.1856590+00:00">
        <Text>[xUnit.net 00:00:02.40]     Eventity.Tests.E2E.E2ETests.EventCreation_ShouldSyncCalendarAndReminders [FAIL]</Text>
      </RunInfo>
      <RunInfo computerName="cc7884f5f6b6" outcome="Error" timestamp="2026-01-11T21:48:54.2649238+00:00">
        <Text>[xUnit.net 00:00:02.48]     Eventity.Tests.E2E.E2ETests.CompleteEventScenario_ShouldWorkEndToEnd [FAIL]</Text>
      </RunInfo>
      <RunInfo computerName="cc7884f5f6b6" outcome="Error" timestamp="2026-01-11T21:48:54.2943525+00:00">
        <Text>[xUnit.net 00:00:02.51]     Eventity.Tests.E2E.E2ETests.EventCreationAndManagement_ShouldHandleMultipleParticipants [FAIL]</Text>
      </RunInfo>
    </RunInfos>
  </ResultSummary>
</TestRun>